python : symspellpy 
kh⌠ng 
\u0111\u01b0\u1ee3c 
cαi \u0111\u1eb7t. 
B\u1ecf qua s\u1eeda 
l\u1ed7i chφnh t\u1ea3.
At line:1 char:1
+ python tests/test_ver
ification_improvements.
py > test_output.txt 
2>&1
+ ~~~~~~~~~~~~~~~~~~~~~
~~~~~~~~~~~~~~~~~~~~~~~
~~~~~~~~~~~~~~~~~~~~~~~
~~
    + CategoryInfo     
         : NotSpecifi  
  ed: (symspellpy kh   
 ⌠n... chφnh t\u1ea    
3.:String) [], Rem    
oteException
    + FullyQualifiedEr 
   rorId : NativeComm  
  andError
 
underthesea kh⌠ng 
\u0111\u01b0\u1ee3c 
cαi \u0111\u1eb7t. 
B\u1ecf qua cßc tßc 
v\u1ee5 NLP.
Document identified as 
INVALID (missing key 
metadata)
Document identified as 
INVALID (missing key 
metadata)
Traceback (most recent 
call last):
  File "F:\Visual Studi
o\SHBM\tests\test_verif
ication_improvements.py
", line 84, in <module>
    test_bold_title_det
ection()
    ~~~~~~~~~~~~~~~~~~~
~~~~~~^^
  File "F:\Visual Studi
o\SHBM\tests\test_verif
ication_improvements.py
", line 77, in test_bol
d_title_detection
    print(f"Bold title 
detection: '{meta.get('
the_loai_van_ban')}'")
    ~~~~~^^^^^^^^^^^^^^
^^^^^^^^^^^^^^^^^^^^^^^
^^^^^^^^^^^^^^^^^^^^^^
  File "C:\Users\vieta\
AppData\Local\Programs\
Python\Python313\Lib\en
codings\cp1252.py", 
line 19, in encode
    return codecs.charm
ap_encode(input,self.er
rors,encoding_table)[0]
           ~~~~~~~~~~~~
~~~~~~~~~^^^^^^^^^^^^^^
^^^^^^^^^^^^^^^^^^^^
UnicodeEncodeError: 
'charmap' codec can't 
encode character 
'\u1ebe' in position 
24: character maps to 
<undefined>
=== TEST: Strict Number Extraction ===
Body number result: num='', symbol=''
Valid header result: num='123', symbol='QD-UBND'

=== TEST: Invalid Document Filtering ===
Junk document valid: False
Fragment document valid: False

=== TEST: Bold Title Detection ===

AN ERROR OCCURRED: 'charmap' codec can't encode character '\u1ebe' in position 24: character maps to <undefined>
